
hello.elf:     file format elf32-littleriscv
hello.elf
architecture: riscv:rv32, flags 0x00000112:
EXEC_P, HAS_SYMS, D_PAGED
start address 0x80000000

Program Header:
0x70000003 off    0x00002948 vaddr 0x00000000 paddr 0x00000000 align 2**0
         filesz 0x0000004b memsz 0x00000000 flags r--
    LOAD off    0x00001000 vaddr 0x80000000 paddr 0x80000000 align 2**12
         filesz 0x00001948 memsz 0x00001948 flags r-x

Sections:
Idx Name              Size      VMA       LMA       File off  Algn  Flags
  0 .init             0000000c  80000000  80000000  00001000  2**3  CONTENTS, ALLOC, LOAD, READONLY, CODE
  1 .text             000016b4  80000010  80000010  00001010  2**3  CONTENTS, ALLOC, LOAD, READONLY, CODE
  2 .rodata           00000280  800016c8  800016c8  000026c8  2**3  CONTENTS, ALLOC, LOAD, READONLY, DATA
  3 .data             00000000  80001948  80001948  00002948  2**3  CONTENTS, ALLOC, LOAD, DATA
  4 .riscv.attributes 0000004b  00000000  00000000  00002948  2**0  CONTENTS, READONLY
  5 .comment          00000032  00000000  00000000  00002993  2**0  CONTENTS, READONLY
SYMBOL TABLE:
80000000 l    d  .init	00000000 .init
80000010 l    d  .text	00000000 .text
800016c8 l    d  .rodata	00000000 .rodata
80001948 l    d  .data	00000000 .data
00000000 l    d  .riscv.attributes	00000000 .riscv.attributes
00000000 l    d  .comment	00000000 .comment
00000000 l    df *ABS*	00000000 ccRo0dHp.o
80000008 l       .init	00000000 _end
00000000 l    df *ABS*	00000000 hello.c
00000000 l    df *ABS*	00000000 libc_a-itoa.o
00000000 l    df *ABS*	00000000 libc_a-utoa.o
00000000 l    df *ABS*	00000000 libc_a-strcat.o
00000000 l    df *ABS*	00000000 libc_a-strncat.o
00000000 l    df *ABS*	00000000 libc_a-strlen.o
00000000 l    df *ABS*	00000000 libc_a-strcpy.o
00000000 l    df *ABS*	00000000 _udivdi3.o
00000000 l    df *ABS*	00000000 _umoddi3.o
00000000 l    df *ABS*	00000000 muldi3.o
00000000 l    df *ABS*	00000000 div.o
80000844 g     F .text	000000a4 strcpy
80000354 g     F .text	00000098 printf
80001618 g     F .text	00000048 .hidden __hidden___udivsi3
80001618 g     F .text	00000048 .hidden __udivsi3
800004a8 g     F .text	00000070 itoa
80000f9c g     F .text	00000650 .hidden __umoddi3
800008e8 g     F .text	000006b4 .hidden __udivdi3
8000066c g     F .text	000000a0 strcat
80001660 g     F .text	00000010 .hidden __umodsi3
80000010 g     F .text	00000068 terminal_write
80000078 g     F .text	000002dc format_to_str
80000000 g       .init	00000000 _start
800015ec g     F .text	00000024 .hidden __mulsi3
8000070c g     F .text	000000ac strncat
80000518 g     F .text	00000154 __utoa
800003ec g     F .text	000000bc main
80001610 g     F .text	00000084 .hidden __divsi3
80001848 g     O .rodata	00000100 .hidden __clz_tab
80001694 g     F .text	00000030 .hidden __modsi3
800007b8 g     F .text	0000008c strlen



Disassembly of section .init:

80000000 <_start>:
_start():
80000000:	80400137          	lui	sp,0x80400
80000004:	3e8000ef          	jal	800003ec <main>

80000008 <_end>:
_end():
80000008:	000000ef          	jal	80000008 <_end>

Disassembly of section .text:

80000010 <terminal_write>:
terminal_write():
80000010:	fd010113          	addi	sp,sp,-48 # 803fffd0 <__clz_tab+0x3fe788>
80000014:	02112623          	sw	ra,44(sp)
80000018:	02812423          	sw	s0,40(sp)
8000001c:	03010413          	addi	s0,sp,48
80000020:	fca42e23          	sw	a0,-36(s0)
80000024:	fcb42c23          	sw	a1,-40(s0)
80000028:	fe042623          	sw	zero,-20(s0)
8000002c:	0280006f          	j	80000054 <terminal_write+0x44>
80000030:	fec42783          	lw	a5,-20(s0)
80000034:	fdc42703          	lw	a4,-36(s0)
80000038:	00f70733          	add	a4,a4,a5
8000003c:	100007b7          	lui	a5,0x10000
80000040:	00074703          	lbu	a4,0(a4)
80000044:	00e78023          	sb	a4,0(a5) # 10000000 <_start-0x70000000>
80000048:	fec42783          	lw	a5,-20(s0)
8000004c:	00178793          	addi	a5,a5,1
80000050:	fef42623          	sw	a5,-20(s0)
80000054:	fec42703          	lw	a4,-20(s0)
80000058:	fd842783          	lw	a5,-40(s0)
8000005c:	fcf74ae3          	blt	a4,a5,80000030 <terminal_write+0x20>
80000060:	00000013          	nop
80000064:	00000013          	nop
80000068:	02c12083          	lw	ra,44(sp)
8000006c:	02812403          	lw	s0,40(sp)
80000070:	03010113          	addi	sp,sp,48
80000074:	00008067          	ret

80000078 <format_to_str>:
format_to_str():
80000078:	fa010113          	addi	sp,sp,-96
8000007c:	04112e23          	sw	ra,92(sp)
80000080:	04812c23          	sw	s0,88(sp)
80000084:	04912a23          	sw	s1,84(sp)
80000088:	06010413          	addi	s0,sp,96
8000008c:	faa42623          	sw	a0,-84(s0)
80000090:	fab42423          	sw	a1,-88(s0)
80000094:	fac42223          	sw	a2,-92(s0)
80000098:	fac42783          	lw	a5,-84(s0)
8000009c:	00078023          	sb	zero,0(a5)
800000a0:	28c0006f          	j	8000032c <format_to_str+0x2b4>
800000a4:	fa842783          	lw	a5,-88(s0)
800000a8:	0007c703          	lbu	a4,0(a5)
800000ac:	02500793          	li	a5,37
800000b0:	00f70c63          	beq	a4,a5,800000c8 <format_to_str+0x50>
800000b4:	00100613          	li	a2,1
800000b8:	fa842583          	lw	a1,-88(s0)
800000bc:	fac42503          	lw	a0,-84(s0)
800000c0:	64c000ef          	jal	8000070c <strncat>
800000c4:	25c0006f          	j	80000320 <format_to_str+0x2a8>
800000c8:	fa842783          	lw	a5,-88(s0)
800000cc:	00178793          	addi	a5,a5,1
800000d0:	faf42423          	sw	a5,-88(s0)
800000d4:	fa842783          	lw	a5,-88(s0)
800000d8:	0007c783          	lbu	a5,0(a5)
800000dc:	f9d78793          	addi	a5,a5,-99
800000e0:	01500713          	li	a4,21
800000e4:	22f76c63          	bltu	a4,a5,8000031c <format_to_str+0x2a4>
800000e8:	00279713          	slli	a4,a5,0x2
800000ec:	800017b7          	lui	a5,0x80001
800000f0:	6c878793          	addi	a5,a5,1736 # 800016c8 <__modsi3+0x34>
800000f4:	00f707b3          	add	a5,a4,a5
800000f8:	0007a783          	lw	a5,0(a5)
800000fc:	00078067          	jr	a5
80000100:	fa442783          	lw	a5,-92(s0)
80000104:	00478713          	addi	a4,a5,4
80000108:	fae42223          	sw	a4,-92(s0)
8000010c:	0007a783          	lw	a5,0(a5)
80000110:	00078593          	mv	a1,a5
80000114:	fac42503          	lw	a0,-84(s0)
80000118:	554000ef          	jal	8000066c <strcat>
8000011c:	2040006f          	j	80000320 <format_to_str+0x2a8>
80000120:	fa442783          	lw	a5,-92(s0)
80000124:	00478713          	addi	a4,a5,4
80000128:	fae42223          	sw	a4,-92(s0)
8000012c:	0007a483          	lw	s1,0(a5)
80000130:	fac42503          	lw	a0,-84(s0)
80000134:	684000ef          	jal	800007b8 <strlen>
80000138:	00050713          	mv	a4,a0
8000013c:	fac42783          	lw	a5,-84(s0)
80000140:	00e787b3          	add	a5,a5,a4
80000144:	00a00613          	li	a2,10
80000148:	00078593          	mv	a1,a5
8000014c:	00048513          	mv	a0,s1
80000150:	358000ef          	jal	800004a8 <itoa>
80000154:	1cc0006f          	j	80000320 <format_to_str+0x2a8>
80000158:	fa442783          	lw	a5,-92(s0)
8000015c:	00478713          	addi	a4,a5,4
80000160:	fae42223          	sw	a4,-92(s0)
80000164:	0007a783          	lw	a5,0(a5)
80000168:	0ff7f793          	zext.b	a5,a5
8000016c:	fcf40fa3          	sb	a5,-33(s0)
80000170:	fdf40793          	addi	a5,s0,-33
80000174:	00100613          	li	a2,1
80000178:	00078593          	mv	a1,a5
8000017c:	fac42503          	lw	a0,-84(s0)
80000180:	58c000ef          	jal	8000070c <strncat>
80000184:	19c0006f          	j	80000320 <format_to_str+0x2a8>
80000188:	fa442783          	lw	a5,-92(s0)
8000018c:	00478713          	addi	a4,a5,4
80000190:	fae42223          	sw	a4,-92(s0)
80000194:	0007a483          	lw	s1,0(a5)
80000198:	fac42503          	lw	a0,-84(s0)
8000019c:	61c000ef          	jal	800007b8 <strlen>
800001a0:	00050713          	mv	a4,a0
800001a4:	fac42783          	lw	a5,-84(s0)
800001a8:	00e787b3          	add	a5,a5,a4
800001ac:	01000613          	li	a2,16
800001b0:	00078593          	mv	a1,a5
800001b4:	00048513          	mv	a0,s1
800001b8:	2f0000ef          	jal	800004a8 <itoa>
800001bc:	1640006f          	j	80000320 <format_to_str+0x2a8>
800001c0:	fa442783          	lw	a5,-92(s0)
800001c4:	00478713          	addi	a4,a5,4
800001c8:	fae42223          	sw	a4,-92(s0)
800001cc:	0007a783          	lw	a5,0(a5)
800001d0:	00078493          	mv	s1,a5
800001d4:	fac42503          	lw	a0,-84(s0)
800001d8:	5e0000ef          	jal	800007b8 <strlen>
800001dc:	00050713          	mv	a4,a0
800001e0:	fac42783          	lw	a5,-84(s0)
800001e4:	00e787b3          	add	a5,a5,a4
800001e8:	00a00613          	li	a2,10
800001ec:	00078593          	mv	a1,a5
800001f0:	00048513          	mv	a0,s1
800001f4:	2b4000ef          	jal	800004a8 <itoa>
800001f8:	1280006f          	j	80000320 <format_to_str+0x2a8>
800001fc:	fa442783          	lw	a5,-92(s0)
80000200:	00478713          	addi	a4,a5,4
80000204:	fae42223          	sw	a4,-92(s0)
80000208:	0007a783          	lw	a5,0(a5)
8000020c:	fef42023          	sw	a5,-32(s0)
80000210:	fe042483          	lw	s1,-32(s0)
80000214:	fac42503          	lw	a0,-84(s0)
80000218:	5a0000ef          	jal	800007b8 <strlen>
8000021c:	00050713          	mv	a4,a0
80000220:	fac42783          	lw	a5,-84(s0)
80000224:	00e787b3          	add	a5,a5,a4
80000228:	01000613          	li	a2,16
8000022c:	00078593          	mv	a1,a5
80000230:	00048513          	mv	a0,s1
80000234:	274000ef          	jal	800004a8 <itoa>
80000238:	0e80006f          	j	80000320 <format_to_str+0x2a8>
8000023c:	fa842783          	lw	a5,-88(s0)
80000240:	00178793          	addi	a5,a5,1
80000244:	faf42423          	sw	a5,-88(s0)
80000248:	fa842783          	lw	a5,-88(s0)
8000024c:	0007c703          	lbu	a4,0(a5)
80000250:	07500793          	li	a5,117
80000254:	0cf71463          	bne	a4,a5,8000031c <format_to_str+0x2a4>
80000258:	fa442783          	lw	a5,-92(s0)
8000025c:	00778793          	addi	a5,a5,7
80000260:	ff87f793          	andi	a5,a5,-8
80000264:	00878713          	addi	a4,a5,8
80000268:	fae42223          	sw	a4,-92(s0)
8000026c:	0007a703          	lw	a4,0(a5)
80000270:	0047a783          	lw	a5,4(a5)
80000274:	fee42423          	sw	a4,-24(s0)
80000278:	fef42623          	sw	a5,-20(s0)
8000027c:	fbc40793          	addi	a5,s0,-68
80000280:	01f78793          	addi	a5,a5,31
80000284:	fef42223          	sw	a5,-28(s0)
80000288:	fe442783          	lw	a5,-28(s0)
8000028c:	00078023          	sb	zero,0(a5)
80000290:	fe842703          	lw	a4,-24(s0)
80000294:	fec42783          	lw	a5,-20(s0)
80000298:	00a00613          	li	a2,10
8000029c:	00000693          	li	a3,0
800002a0:	00070513          	mv	a0,a4
800002a4:	00078593          	mv	a1,a5
800002a8:	4f5000ef          	jal	80000f9c <__umoddi3>
800002ac:	00050713          	mv	a4,a0
800002b0:	00058793          	mv	a5,a1
800002b4:	0ff77793          	zext.b	a5,a4
800002b8:	fe442703          	lw	a4,-28(s0)
800002bc:	fff70713          	addi	a4,a4,-1
800002c0:	fee42223          	sw	a4,-28(s0)
800002c4:	03078793          	addi	a5,a5,48
800002c8:	0ff7f713          	zext.b	a4,a5
800002cc:	fe442783          	lw	a5,-28(s0)
800002d0:	00e78023          	sb	a4,0(a5)
800002d4:	fe842703          	lw	a4,-24(s0)
800002d8:	fec42783          	lw	a5,-20(s0)
800002dc:	00a00613          	li	a2,10
800002e0:	00000693          	li	a3,0
800002e4:	00070513          	mv	a0,a4
800002e8:	00078593          	mv	a1,a5
800002ec:	5fc000ef          	jal	800008e8 <__udivdi3>
800002f0:	00050713          	mv	a4,a0
800002f4:	00058793          	mv	a5,a1
800002f8:	fee42423          	sw	a4,-24(s0)
800002fc:	fef42623          	sw	a5,-20(s0)
80000300:	fe842783          	lw	a5,-24(s0)
80000304:	fec42703          	lw	a4,-20(s0)
80000308:	00e7e7b3          	or	a5,a5,a4
8000030c:	f80792e3          	bnez	a5,80000290 <format_to_str+0x218>
80000310:	fe442583          	lw	a1,-28(s0)
80000314:	fac42503          	lw	a0,-84(s0)
80000318:	354000ef          	jal	8000066c <strcat>
8000031c:	00000013          	nop
80000320:	fa842783          	lw	a5,-88(s0)
80000324:	00178793          	addi	a5,a5,1
80000328:	faf42423          	sw	a5,-88(s0)
8000032c:	fa842783          	lw	a5,-88(s0)
80000330:	0007c783          	lbu	a5,0(a5)
80000334:	d60798e3          	bnez	a5,800000a4 <format_to_str+0x2c>
80000338:	00000013          	nop
8000033c:	00000013          	nop
80000340:	05c12083          	lw	ra,92(sp)
80000344:	05812403          	lw	s0,88(sp)
80000348:	05412483          	lw	s1,84(sp)
8000034c:	06010113          	addi	sp,sp,96
80000350:	00008067          	ret

80000354 <printf>:
printf():
80000354:	db010113          	addi	sp,sp,-592
80000358:	22112623          	sw	ra,556(sp)
8000035c:	22812423          	sw	s0,552(sp)
80000360:	23010413          	addi	s0,sp,560
80000364:	dca42e23          	sw	a0,-548(s0)
80000368:	00b42223          	sw	a1,4(s0)
8000036c:	00c42423          	sw	a2,8(s0)
80000370:	00d42623          	sw	a3,12(s0)
80000374:	00e42823          	sw	a4,16(s0)
80000378:	00f42a23          	sw	a5,20(s0)
8000037c:	01042c23          	sw	a6,24(s0)
80000380:	01142e23          	sw	a7,28(s0)
80000384:	02040793          	addi	a5,s0,32
80000388:	dcf42c23          	sw	a5,-552(s0)
8000038c:	dd842783          	lw	a5,-552(s0)
80000390:	fe478793          	addi	a5,a5,-28
80000394:	def42623          	sw	a5,-532(s0)
80000398:	dec42703          	lw	a4,-532(s0)
8000039c:	df040793          	addi	a5,s0,-528
800003a0:	00070613          	mv	a2,a4
800003a4:	ddc42583          	lw	a1,-548(s0)
800003a8:	00078513          	mv	a0,a5
800003ac:	ccdff0ef          	jal	80000078 <format_to_str>
800003b0:	df040793          	addi	a5,s0,-528
800003b4:	00078513          	mv	a0,a5
800003b8:	400000ef          	jal	800007b8 <strlen>
800003bc:	00050793          	mv	a5,a0
800003c0:	00078713          	mv	a4,a5
800003c4:	df040793          	addi	a5,s0,-528
800003c8:	00070593          	mv	a1,a4
800003cc:	00078513          	mv	a0,a5
800003d0:	c41ff0ef          	jal	80000010 <terminal_write>
800003d4:	00000793          	li	a5,0
800003d8:	00078513          	mv	a0,a5
800003dc:	22c12083          	lw	ra,556(sp)
800003e0:	22812403          	lw	s0,552(sp)
800003e4:	25010113          	addi	sp,sp,592
800003e8:	00008067          	ret

800003ec <main>:
main():
800003ec:	fe010113          	addi	sp,sp,-32
800003f0:	00112e23          	sw	ra,28(sp)
800003f4:	00812c23          	sw	s0,24(sp)
800003f8:	02010413          	addi	s0,sp,32
800003fc:	800017b7          	lui	a5,0x80001
80000400:	72078793          	addi	a5,a5,1824 # 80001720 <__modsi3+0x8c>
80000404:	fef42623          	sw	a5,-20(s0)
80000408:	00f00593          	li	a1,15
8000040c:	fec42503          	lw	a0,-20(s0)
80000410:	c01ff0ef          	jal	80000010 <terminal_write>
80000414:	7d000613          	li	a2,2000
80000418:	800017b7          	lui	a5,0x80001
8000041c:	73078593          	addi	a1,a5,1840 # 80001730 <__modsi3+0x9c>
80000420:	800017b7          	lui	a5,0x80001
80000424:	73878513          	addi	a0,a5,1848 # 80001738 <__modsi3+0xa4>
80000428:	f2dff0ef          	jal	80000354 <printf>
8000042c:	02400593          	li	a1,36
80000430:	800017b7          	lui	a5,0x80001
80000434:	74c78513          	addi	a0,a5,1868 # 8000174c <__modsi3+0xb8>
80000438:	f1dff0ef          	jal	80000354 <printf>
8000043c:	03000593          	li	a1,48
80000440:	800017b7          	lui	a5,0x80001
80000444:	76078513          	addi	a0,a5,1888 # 80001760 <__modsi3+0xcc>
80000448:	f0dff0ef          	jal	80000354 <printf>
8000044c:	4d200593          	li	a1,1234
80000450:	800017b7          	lui	a5,0x80001
80000454:	77478513          	addi	a0,a5,1908 # 80001774 <__modsi3+0xe0>
80000458:	efdff0ef          	jal	80000354 <printf>
8000045c:	fff00593          	li	a1,-1
80000460:	800017b7          	lui	a5,0x80001
80000464:	79878513          	addi	a0,a5,1944 # 80001798 <__modsi3+0x104>
80000468:	eedff0ef          	jal	80000354 <printf>
8000046c:	fec42583          	lw	a1,-20(s0)
80000470:	800017b7          	lui	a5,0x80001
80000474:	7bc78513          	addi	a0,a5,1980 # 800017bc <__modsi3+0x128>
80000478:	eddff0ef          	jal	80000354 <printf>
8000047c:	fff00613          	li	a2,-1
80000480:	fff00693          	li	a3,-1
80000484:	800017b7          	lui	a5,0x80001
80000488:	7f478513          	addi	a0,a5,2036 # 800017f4 <__modsi3+0x160>
8000048c:	ec9ff0ef          	jal	80000354 <printf>
80000490:	00000793          	li	a5,0
80000494:	00078513          	mv	a0,a5
80000498:	01c12083          	lw	ra,28(sp)
8000049c:	01812403          	lw	s0,24(sp)
800004a0:	02010113          	addi	sp,sp,32
800004a4:	00008067          	ret

800004a8 <itoa>:
itoa():
800004a8:	ff010113          	addi	sp,sp,-16
800004ac:	00812423          	sw	s0,8(sp)
800004b0:	00112623          	sw	ra,12(sp)
800004b4:	ffe60713          	addi	a4,a2,-2
800004b8:	02200793          	li	a5,34
800004bc:	00058413          	mv	s0,a1
800004c0:	04e7e063          	bltu	a5,a4,80000500 <itoa+0x58>
800004c4:	00a00793          	li	a5,10
800004c8:	02f60063          	beq	a2,a5,800004e8 <itoa+0x40>
800004cc:	00040593          	mv	a1,s0
800004d0:	048000ef          	jal	80000518 <__utoa>
800004d4:	00c12083          	lw	ra,12(sp)
800004d8:	00040513          	mv	a0,s0
800004dc:	00812403          	lw	s0,8(sp)
800004e0:	01010113          	addi	sp,sp,16
800004e4:	00008067          	ret
800004e8:	fe0552e3          	bgez	a0,800004cc <itoa+0x24>
800004ec:	02d00793          	li	a5,45
800004f0:	00f58023          	sb	a5,0(a1)
800004f4:	40a00533          	neg	a0,a0
800004f8:	00158593          	addi	a1,a1,1
800004fc:	fd5ff06f          	j	800004d0 <itoa+0x28>
80000500:	00058023          	sb	zero,0(a1)
80000504:	00c12083          	lw	ra,12(sp)
80000508:	00812403          	lw	s0,8(sp)
8000050c:	00000513          	li	a0,0
80000510:	01010113          	addi	sp,sp,16
80000514:	00008067          	ret

80000518 <__utoa>:
__utoa():
80000518:	00001797          	auipc	a5,0x1
8000051c:	30878793          	addi	a5,a5,776 # 80001820 <__modsi3+0x18c>
80000520:	0007a283          	lw	t0,0(a5)
80000524:	0047af83          	lw	t6,4(a5)
80000528:	0087af03          	lw	t5,8(a5)
8000052c:	00c7ae83          	lw	t4,12(a5)
80000530:	0107ae03          	lw	t3,16(a5)
80000534:	0147a303          	lw	t1,20(a5)
80000538:	0187a883          	lw	a7,24(a5)
8000053c:	01c7a803          	lw	a6,28(a5)
80000540:	0207a683          	lw	a3,32(a5)
80000544:	00001797          	auipc	a5,0x1
80000548:	3007c783          	lbu	a5,768(a5) # 80001844 <__modsi3+0x1b0>
8000054c:	fb010113          	addi	sp,sp,-80
80000550:	03512a23          	sw	s5,52(sp)
80000554:	02f10623          	sb	a5,44(sp)
80000558:	04112623          	sw	ra,76(sp)
8000055c:	ffe60713          	addi	a4,a2,-2
80000560:	00512423          	sw	t0,8(sp)
80000564:	01f12623          	sw	t6,12(sp)
80000568:	01e12823          	sw	t5,16(sp)
8000056c:	01d12a23          	sw	t4,20(sp)
80000570:	01c12c23          	sw	t3,24(sp)
80000574:	00612e23          	sw	t1,28(sp)
80000578:	03112023          	sw	a7,32(sp)
8000057c:	03012223          	sw	a6,36(sp)
80000580:	02d12423          	sw	a3,40(sp)
80000584:	02200793          	li	a5,34
80000588:	00058a93          	mv	s5,a1
8000058c:	0ce7e463          	bltu	a5,a4,80000654 <__utoa+0x13c>
80000590:	04812423          	sw	s0,72(sp)
80000594:	04912223          	sw	s1,68(sp)
80000598:	05212023          	sw	s2,64(sp)
8000059c:	03312e23          	sw	s3,60(sp)
800005a0:	03412c23          	sw	s4,56(sp)
800005a4:	03612823          	sw	s6,48(sp)
800005a8:	00060493          	mv	s1,a2
800005ac:	00050413          	mv	s0,a0
800005b0:	00000913          	li	s2,0
800005b4:	00048593          	mv	a1,s1
800005b8:	00040513          	mv	a0,s0
800005bc:	0a4010ef          	jal	80001660 <__umodsi3>
800005c0:	00250533          	add	a0,a0,sp
800005c4:	00854783          	lbu	a5,8(a0)
800005c8:	00090993          	mv	s3,s2
800005cc:	00190913          	addi	s2,s2,1
800005d0:	012a8a33          	add	s4,s5,s2
800005d4:	00040513          	mv	a0,s0
800005d8:	00048593          	mv	a1,s1
800005dc:	fefa0fa3          	sb	a5,-1(s4)
800005e0:	00040b13          	mv	s6,s0
800005e4:	034010ef          	jal	80001618 <__hidden___udivsi3>
800005e8:	00050413          	mv	s0,a0
800005ec:	fc9b74e3          	bgeu	s6,s1,800005b4 <__utoa+0x9c>
800005f0:	000a0023          	sb	zero,0(s4)
800005f4:	02098a63          	beqz	s3,80000628 <__utoa+0x110>
800005f8:	000a8693          	mv	a3,s5
800005fc:	013a8733          	add	a4,s5,s3
80000600:	00000793          	li	a5,0
80000604:	00074583          	lbu	a1,0(a4)
80000608:	0006c603          	lbu	a2,0(a3)
8000060c:	00178793          	addi	a5,a5,1
80000610:	00b68023          	sb	a1,0(a3)
80000614:	00c70023          	sb	a2,0(a4)
80000618:	40f98633          	sub	a2,s3,a5
8000061c:	00168693          	addi	a3,a3,1
80000620:	fff70713          	addi	a4,a4,-1
80000624:	fec7c0e3          	blt	a5,a2,80000604 <__utoa+0xec>
80000628:	04812403          	lw	s0,72(sp)
8000062c:	04c12083          	lw	ra,76(sp)
80000630:	04412483          	lw	s1,68(sp)
80000634:	04012903          	lw	s2,64(sp)
80000638:	03c12983          	lw	s3,60(sp)
8000063c:	03812a03          	lw	s4,56(sp)
80000640:	03012b03          	lw	s6,48(sp)
80000644:	000a8513          	mv	a0,s5
80000648:	03412a83          	lw	s5,52(sp)
8000064c:	05010113          	addi	sp,sp,80
80000650:	00008067          	ret
80000654:	00058023          	sb	zero,0(a1)
80000658:	04c12083          	lw	ra,76(sp)
8000065c:	03412a83          	lw	s5,52(sp)
80000660:	00000513          	li	a0,0
80000664:	05010113          	addi	sp,sp,80
80000668:	00008067          	ret

8000066c <strcat>:
strcat():
8000066c:	ff010113          	addi	sp,sp,-16
80000670:	00812423          	sw	s0,8(sp)
80000674:	00112623          	sw	ra,12(sp)
80000678:	00357793          	andi	a5,a0,3
8000067c:	00050413          	mv	s0,a0
80000680:	06079663          	bnez	a5,800006ec <strcat+0x80>
80000684:	00052703          	lw	a4,0(a0)
80000688:	feff0637          	lui	a2,0xfeff0
8000068c:	eff60613          	addi	a2,a2,-257 # fefefeff <__clz_tab+0x7efee6b7>
80000690:	00c707b3          	add	a5,a4,a2
80000694:	808086b7          	lui	a3,0x80808
80000698:	fff74713          	not	a4,a4
8000069c:	00e7f7b3          	and	a5,a5,a4
800006a0:	08068693          	addi	a3,a3,128 # 80808080 <__clz_tab+0x806838>
800006a4:	00d7f7b3          	and	a5,a5,a3
800006a8:	04079263          	bnez	a5,800006ec <strcat+0x80>
800006ac:	00452703          	lw	a4,4(a0)
800006b0:	00450513          	addi	a0,a0,4
800006b4:	00c707b3          	add	a5,a4,a2
800006b8:	fff74713          	not	a4,a4
800006bc:	00e7f7b3          	and	a5,a5,a4
800006c0:	00d7f7b3          	and	a5,a5,a3
800006c4:	02079463          	bnez	a5,800006ec <strcat+0x80>
800006c8:	00452703          	lw	a4,4(a0)
800006cc:	00450513          	addi	a0,a0,4
800006d0:	00c707b3          	add	a5,a4,a2
800006d4:	fff74713          	not	a4,a4
800006d8:	00e7f7b3          	and	a5,a5,a4
800006dc:	00d7f7b3          	and	a5,a5,a3
800006e0:	fc0786e3          	beqz	a5,800006ac <strcat+0x40>
800006e4:	0080006f          	j	800006ec <strcat+0x80>
800006e8:	00150513          	addi	a0,a0,1
800006ec:	00054783          	lbu	a5,0(a0)
800006f0:	fe079ce3          	bnez	a5,800006e8 <strcat+0x7c>
800006f4:	150000ef          	jal	80000844 <strcpy>
800006f8:	00c12083          	lw	ra,12(sp)
800006fc:	00040513          	mv	a0,s0
80000700:	00812403          	lw	s0,8(sp)
80000704:	01010113          	addi	sp,sp,16
80000708:	00008067          	ret

8000070c <strncat>:
strncat():
8000070c:	00357713          	andi	a4,a0,3
80000710:	00050793          	mv	a5,a0
80000714:	06071663          	bnez	a4,80000780 <strncat+0x74>
80000718:	00052683          	lw	a3,0(a0)
8000071c:	feff08b7          	lui	a7,0xfeff0
80000720:	eff88893          	addi	a7,a7,-257 # fefefeff <__clz_tab+0x7efee6b7>
80000724:	01168733          	add	a4,a3,a7
80000728:	80808837          	lui	a6,0x80808
8000072c:	fff6c693          	not	a3,a3
80000730:	00d77733          	and	a4,a4,a3
80000734:	08080813          	addi	a6,a6,128 # 80808080 <__clz_tab+0x806838>
80000738:	01077733          	and	a4,a4,a6
8000073c:	04071263          	bnez	a4,80000780 <strncat+0x74>
80000740:	0047a683          	lw	a3,4(a5)
80000744:	00478793          	addi	a5,a5,4
80000748:	01168733          	add	a4,a3,a7
8000074c:	fff6c693          	not	a3,a3
80000750:	00d77733          	and	a4,a4,a3
80000754:	01077733          	and	a4,a4,a6
80000758:	02071463          	bnez	a4,80000780 <strncat+0x74>
8000075c:	0047a683          	lw	a3,4(a5)
80000760:	00478793          	addi	a5,a5,4
80000764:	01168733          	add	a4,a3,a7
80000768:	fff6c693          	not	a3,a3
8000076c:	00d77733          	and	a4,a4,a3
80000770:	01077733          	and	a4,a4,a6
80000774:	fc0706e3          	beqz	a4,80000740 <strncat+0x34>
80000778:	0080006f          	j	80000780 <strncat+0x74>
8000077c:	00178793          	addi	a5,a5,1
80000780:	0007c703          	lbu	a4,0(a5)
80000784:	fe071ce3          	bnez	a4,8000077c <strncat+0x70>
80000788:	00c786b3          	add	a3,a5,a2
8000078c:	02060463          	beqz	a2,800007b4 <strncat+0xa8>
80000790:	0005c703          	lbu	a4,0(a1)
80000794:	00178793          	addi	a5,a5,1
80000798:	00158593          	addi	a1,a1,1
8000079c:	fee78fa3          	sb	a4,-1(a5)
800007a0:	00070863          	beqz	a4,800007b0 <strncat+0xa4>
800007a4:	fef696e3          	bne	a3,a5,80000790 <strncat+0x84>
800007a8:	00068023          	sb	zero,0(a3)
800007ac:	00008067          	ret
800007b0:	00008067          	ret
800007b4:	00008067          	ret

800007b8 <strlen>:
strlen():
800007b8:	00357793          	andi	a5,a0,3
800007bc:	00050713          	mv	a4,a0
800007c0:	04079c63          	bnez	a5,80000818 <strlen+0x60>
800007c4:	7f7f86b7          	lui	a3,0x7f7f8
800007c8:	f7f68693          	addi	a3,a3,-129 # 7f7f7f7f <_start-0x808081>
800007cc:	fff00593          	li	a1,-1
800007d0:	00072603          	lw	a2,0(a4)
800007d4:	00470713          	addi	a4,a4,4
800007d8:	00d677b3          	and	a5,a2,a3
800007dc:	00d787b3          	add	a5,a5,a3
800007e0:	00c7e7b3          	or	a5,a5,a2
800007e4:	00d7e7b3          	or	a5,a5,a3
800007e8:	feb784e3          	beq	a5,a1,800007d0 <strlen+0x18>
800007ec:	ffc74683          	lbu	a3,-4(a4)
800007f0:	40a707b3          	sub	a5,a4,a0
800007f4:	04068463          	beqz	a3,8000083c <strlen+0x84>
800007f8:	ffd74683          	lbu	a3,-3(a4)
800007fc:	02068c63          	beqz	a3,80000834 <strlen+0x7c>
80000800:	ffe74503          	lbu	a0,-2(a4)
80000804:	00a03533          	snez	a0,a0
80000808:	00f50533          	add	a0,a0,a5
8000080c:	ffe50513          	addi	a0,a0,-2
80000810:	00008067          	ret
80000814:	fa0688e3          	beqz	a3,800007c4 <strlen+0xc>
80000818:	00074783          	lbu	a5,0(a4)
8000081c:	00170713          	addi	a4,a4,1
80000820:	00377693          	andi	a3,a4,3
80000824:	fe0798e3          	bnez	a5,80000814 <strlen+0x5c>
80000828:	40a70733          	sub	a4,a4,a0
8000082c:	fff70513          	addi	a0,a4,-1
80000830:	00008067          	ret
80000834:	ffd78513          	addi	a0,a5,-3
80000838:	00008067          	ret
8000083c:	ffc78513          	addi	a0,a5,-4
80000840:	00008067          	ret

80000844 <strcpy>:
strcpy():
80000844:	00b567b3          	or	a5,a0,a1
80000848:	0037f793          	andi	a5,a5,3
8000084c:	08079063          	bnez	a5,800008cc <strcpy+0x88>
80000850:	0005a703          	lw	a4,0(a1)
80000854:	7f7f86b7          	lui	a3,0x7f7f8
80000858:	f7f68693          	addi	a3,a3,-129 # 7f7f7f7f <_start-0x808081>
8000085c:	00d77833          	and	a6,a4,a3
80000860:	00d80833          	add	a6,a6,a3
80000864:	00e86833          	or	a6,a6,a4
80000868:	00d86833          	or	a6,a6,a3
8000086c:	fff00793          	li	a5,-1
80000870:	00050613          	mv	a2,a0
80000874:	02f81463          	bne	a6,a5,8000089c <strcpy+0x58>
80000878:	00458593          	addi	a1,a1,4
8000087c:	00e62023          	sw	a4,0(a2)
80000880:	0005a703          	lw	a4,0(a1)
80000884:	00460613          	addi	a2,a2,4
80000888:	00d777b3          	and	a5,a4,a3
8000088c:	00d787b3          	add	a5,a5,a3
80000890:	00e7e7b3          	or	a5,a5,a4
80000894:	00d7e7b3          	or	a5,a5,a3
80000898:	ff0780e3          	beq	a5,a6,80000878 <strcpy+0x34>
8000089c:	0005c783          	lbu	a5,0(a1)
800008a0:	0015c703          	lbu	a4,1(a1)
800008a4:	0025c683          	lbu	a3,2(a1)
800008a8:	00f60023          	sb	a5,0(a2)
800008ac:	00078a63          	beqz	a5,800008c0 <strcpy+0x7c>
800008b0:	00e600a3          	sb	a4,1(a2)
800008b4:	00070663          	beqz	a4,800008c0 <strcpy+0x7c>
800008b8:	00d60123          	sb	a3,2(a2)
800008bc:	00069463          	bnez	a3,800008c4 <strcpy+0x80>
800008c0:	00008067          	ret
800008c4:	000601a3          	sb	zero,3(a2)
800008c8:	00008067          	ret
800008cc:	00050793          	mv	a5,a0
800008d0:	0005c703          	lbu	a4,0(a1)
800008d4:	00178793          	addi	a5,a5,1
800008d8:	00158593          	addi	a1,a1,1
800008dc:	fee78fa3          	sb	a4,-1(a5)
800008e0:	fe0718e3          	bnez	a4,800008d0 <strcpy+0x8c>
800008e4:	00008067          	ret

800008e8 <__udivdi3>:
__udivdi3():
800008e8:	fd010113          	addi	sp,sp,-48
800008ec:	01312e23          	sw	s3,28(sp)
800008f0:	02112623          	sw	ra,44(sp)
800008f4:	01612823          	sw	s6,16(sp)
800008f8:	00050993          	mv	s3,a0
800008fc:	00058793          	mv	a5,a1
80000900:	16069663          	bnez	a3,80000a6c <__udivdi3+0x184>
80000904:	02812423          	sw	s0,40(sp)
80000908:	01512a23          	sw	s5,20(sp)
8000090c:	02912223          	sw	s1,36(sp)
80000910:	03212023          	sw	s2,32(sp)
80000914:	01412c23          	sw	s4,24(sp)
80000918:	00060a93          	mv	s5,a2
8000091c:	00050413          	mv	s0,a0
80000920:	1cc5f463          	bgeu	a1,a2,80000ae8 <__udivdi3+0x200>
80000924:	00010737          	lui	a4,0x10
80000928:	00058493          	mv	s1,a1
8000092c:	2ce66263          	bltu	a2,a4,80000bf0 <__udivdi3+0x308>
80000930:	01000737          	lui	a4,0x1000
80000934:	01800693          	li	a3,24
80000938:	00e67463          	bgeu	a2,a4,80000940 <__udivdi3+0x58>
8000093c:	01000693          	li	a3,16
80000940:	00d655b3          	srl	a1,a2,a3
80000944:	00001717          	auipc	a4,0x1
80000948:	f0470713          	addi	a4,a4,-252 # 80001848 <__clz_tab>
8000094c:	00b70733          	add	a4,a4,a1
80000950:	00074703          	lbu	a4,0(a4)
80000954:	02000593          	li	a1,32
80000958:	00d70733          	add	a4,a4,a3
8000095c:	40e586b3          	sub	a3,a1,a4
80000960:	00e58c63          	beq	a1,a4,80000978 <__udivdi3+0x90>
80000964:	00d794b3          	sll	s1,a5,a3
80000968:	00e9d733          	srl	a4,s3,a4
8000096c:	009764b3          	or	s1,a4,s1
80000970:	00d61ab3          	sll	s5,a2,a3
80000974:	00d99433          	sll	s0,s3,a3
80000978:	010ada13          	srli	s4,s5,0x10
8000097c:	000a0593          	mv	a1,s4
80000980:	00048513          	mv	a0,s1
80000984:	495000ef          	jal	80001618 <__hidden___udivsi3>
80000988:	010a9b13          	slli	s6,s5,0x10
8000098c:	00050913          	mv	s2,a0
80000990:	010b5b13          	srli	s6,s6,0x10
80000994:	00090593          	mv	a1,s2
80000998:	000b0513          	mv	a0,s6
8000099c:	451000ef          	jal	800015ec <__mulsi3>
800009a0:	00050793          	mv	a5,a0
800009a4:	000a0593          	mv	a1,s4
800009a8:	00048513          	mv	a0,s1
800009ac:	00078493          	mv	s1,a5
800009b0:	4b1000ef          	jal	80001660 <__umodsi3>
800009b4:	01051513          	slli	a0,a0,0x10
800009b8:	01045793          	srli	a5,s0,0x10
800009bc:	00a7e7b3          	or	a5,a5,a0
800009c0:	0097fc63          	bgeu	a5,s1,800009d8 <__udivdi3+0xf0>
800009c4:	00fa87b3          	add	a5,s5,a5
800009c8:	fff90713          	addi	a4,s2,-1
800009cc:	0157e463          	bltu	a5,s5,800009d4 <__udivdi3+0xec>
800009d0:	5a97ea63          	bltu	a5,s1,80000f84 <__udivdi3+0x69c>
800009d4:	00070913          	mv	s2,a4
800009d8:	409784b3          	sub	s1,a5,s1
800009dc:	00048513          	mv	a0,s1
800009e0:	000a0593          	mv	a1,s4
800009e4:	435000ef          	jal	80001618 <__hidden___udivsi3>
800009e8:	00050993          	mv	s3,a0
800009ec:	00098593          	mv	a1,s3
800009f0:	000b0513          	mv	a0,s6
800009f4:	3f9000ef          	jal	800015ec <__mulsi3>
800009f8:	00050793          	mv	a5,a0
800009fc:	000a0593          	mv	a1,s4
80000a00:	00048513          	mv	a0,s1
80000a04:	01041413          	slli	s0,s0,0x10
80000a08:	00078493          	mv	s1,a5
80000a0c:	455000ef          	jal	80001660 <__umodsi3>
80000a10:	01045413          	srli	s0,s0,0x10
80000a14:	01051513          	slli	a0,a0,0x10
80000a18:	00a46433          	or	s0,s0,a0
80000a1c:	00947c63          	bgeu	s0,s1,80000a34 <__udivdi3+0x14c>
80000a20:	008a8433          	add	s0,s5,s0
80000a24:	fff98793          	addi	a5,s3,-1
80000a28:	4f546263          	bltu	s0,s5,80000f0c <__udivdi3+0x624>
80000a2c:	ffe98993          	addi	s3,s3,-2
80000a30:	4c947e63          	bgeu	s0,s1,80000f0c <__udivdi3+0x624>
80000a34:	01091613          	slli	a2,s2,0x10
80000a38:	01366533          	or	a0,a2,s3
80000a3c:	00000b13          	li	s6,0
80000a40:	02812403          	lw	s0,40(sp)
80000a44:	02c12083          	lw	ra,44(sp)
80000a48:	02412483          	lw	s1,36(sp)
80000a4c:	02012903          	lw	s2,32(sp)
80000a50:	01812a03          	lw	s4,24(sp)
80000a54:	01412a83          	lw	s5,20(sp)
80000a58:	01c12983          	lw	s3,28(sp)
80000a5c:	000b0593          	mv	a1,s6
80000a60:	01012b03          	lw	s6,16(sp)
80000a64:	03010113          	addi	sp,sp,48
80000a68:	00008067          	ret
80000a6c:	02d5f263          	bgeu	a1,a3,80000a90 <__udivdi3+0x1a8>
80000a70:	00000b13          	li	s6,0
80000a74:	00000513          	li	a0,0
80000a78:	02c12083          	lw	ra,44(sp)
80000a7c:	01c12983          	lw	s3,28(sp)
80000a80:	000b0593          	mv	a1,s6
80000a84:	01012b03          	lw	s6,16(sp)
80000a88:	03010113          	addi	sp,sp,48
80000a8c:	00008067          	ret
80000a90:	01712623          	sw	s7,12(sp)
80000a94:	00010737          	lui	a4,0x10
80000a98:	28e6e063          	bltu	a3,a4,80000d18 <__udivdi3+0x430>
80000a9c:	01000737          	lui	a4,0x1000
80000aa0:	01800593          	li	a1,24
80000aa4:	00e6f463          	bgeu	a3,a4,80000aac <__udivdi3+0x1c4>
80000aa8:	01000593          	li	a1,16
80000aac:	00b6d533          	srl	a0,a3,a1
80000ab0:	00001717          	auipc	a4,0x1
80000ab4:	d9870713          	addi	a4,a4,-616 # 80001848 <__clz_tab>
80000ab8:	00a70733          	add	a4,a4,a0
80000abc:	00074703          	lbu	a4,0(a4)
80000ac0:	02000513          	li	a0,32
80000ac4:	00b70733          	add	a4,a4,a1
80000ac8:	40e50bb3          	sub	s7,a0,a4
80000acc:	26e51e63          	bne	a0,a4,80000d48 <__udivdi3+0x460>
80000ad0:	46f6ec63          	bltu	a3,a5,80000f48 <__udivdi3+0x660>
80000ad4:	00c9b533          	sltu	a0,s3,a2
80000ad8:	00c12b83          	lw	s7,12(sp)
80000adc:	00153513          	seqz	a0,a0
80000ae0:	00000b13          	li	s6,0
80000ae4:	f95ff06f          	j	80000a78 <__udivdi3+0x190>
80000ae8:	10060c63          	beqz	a2,80000c00 <__udivdi3+0x318>
80000aec:	00010737          	lui	a4,0x10
80000af0:	44e67263          	bgeu	a2,a4,80000f34 <__udivdi3+0x64c>
80000af4:	10063693          	sltiu	a3,a2,256
80000af8:	0016b693          	seqz	a3,a3
80000afc:	00369693          	slli	a3,a3,0x3
80000b00:	00d655b3          	srl	a1,a2,a3
80000b04:	00001717          	auipc	a4,0x1
80000b08:	d4470713          	addi	a4,a4,-700 # 80001848 <__clz_tab>
80000b0c:	00b70733          	add	a4,a4,a1
80000b10:	00074483          	lbu	s1,0(a4)
80000b14:	02000713          	li	a4,32
80000b18:	00d484b3          	add	s1,s1,a3
80000b1c:	409706b3          	sub	a3,a4,s1
80000b20:	10971463          	bne	a4,s1,80000c28 <__udivdi3+0x340>
80000b24:	01061a13          	slli	s4,a2,0x10
80000b28:	40c784b3          	sub	s1,a5,a2
80000b2c:	01065913          	srli	s2,a2,0x10
80000b30:	010a5a13          	srli	s4,s4,0x10
80000b34:	00100b13          	li	s6,1
80000b38:	00090593          	mv	a1,s2
80000b3c:	00048513          	mv	a0,s1
80000b40:	2d9000ef          	jal	80001618 <__hidden___udivsi3>
80000b44:	000a0593          	mv	a1,s4
80000b48:	00050993          	mv	s3,a0
80000b4c:	2a1000ef          	jal	800015ec <__mulsi3>
80000b50:	00050793          	mv	a5,a0
80000b54:	00090593          	mv	a1,s2
80000b58:	00048513          	mv	a0,s1
80000b5c:	00078493          	mv	s1,a5
80000b60:	301000ef          	jal	80001660 <__umodsi3>
80000b64:	01051513          	slli	a0,a0,0x10
80000b68:	01045793          	srli	a5,s0,0x10
80000b6c:	00a7e7b3          	or	a5,a5,a0
80000b70:	0097fc63          	bgeu	a5,s1,80000b88 <__udivdi3+0x2a0>
80000b74:	00fa87b3          	add	a5,s5,a5
80000b78:	fff98713          	addi	a4,s3,-1
80000b7c:	0157e463          	bltu	a5,s5,80000b84 <__udivdi3+0x29c>
80000b80:	3e97ec63          	bltu	a5,s1,80000f78 <__udivdi3+0x690>
80000b84:	00070993          	mv	s3,a4
80000b88:	409784b3          	sub	s1,a5,s1
80000b8c:	00048513          	mv	a0,s1
80000b90:	00090593          	mv	a1,s2
80000b94:	285000ef          	jal	80001618 <__hidden___udivsi3>
80000b98:	000a0593          	mv	a1,s4
80000b9c:	00050a13          	mv	s4,a0
80000ba0:	24d000ef          	jal	800015ec <__mulsi3>
80000ba4:	00050793          	mv	a5,a0
80000ba8:	00090593          	mv	a1,s2
80000bac:	00048513          	mv	a0,s1
80000bb0:	01041413          	slli	s0,s0,0x10
80000bb4:	00078493          	mv	s1,a5
80000bb8:	2a9000ef          	jal	80001660 <__umodsi3>
80000bbc:	01045413          	srli	s0,s0,0x10
80000bc0:	01051513          	slli	a0,a0,0x10
80000bc4:	00a46433          	or	s0,s0,a0
80000bc8:	00947e63          	bgeu	s0,s1,80000be4 <__udivdi3+0x2fc>
80000bcc:	008a8433          	add	s0,s5,s0
80000bd0:	fffa0793          	addi	a5,s4,-1
80000bd4:	01546663          	bltu	s0,s5,80000be0 <__udivdi3+0x2f8>
80000bd8:	ffea0a13          	addi	s4,s4,-2
80000bdc:	00946463          	bltu	s0,s1,80000be4 <__udivdi3+0x2fc>
80000be0:	00078a13          	mv	s4,a5
80000be4:	01099613          	slli	a2,s3,0x10
80000be8:	01466533          	or	a0,a2,s4
80000bec:	e55ff06f          	j	80000a40 <__udivdi3+0x158>
80000bf0:	10063693          	sltiu	a3,a2,256
80000bf4:	0016b693          	seqz	a3,a3
80000bf8:	00369693          	slli	a3,a3,0x3
80000bfc:	d45ff06f          	j	80000940 <__udivdi3+0x58>
80000c00:	00000593          	li	a1,0
80000c04:	00001717          	auipc	a4,0x1
80000c08:	c4470713          	addi	a4,a4,-956 # 80001848 <__clz_tab>
80000c0c:	00b70733          	add	a4,a4,a1
80000c10:	00074483          	lbu	s1,0(a4)
80000c14:	00000693          	li	a3,0
80000c18:	02000713          	li	a4,32
80000c1c:	00d484b3          	add	s1,s1,a3
80000c20:	409706b3          	sub	a3,a4,s1
80000c24:	f09700e3          	beq	a4,s1,80000b24 <__udivdi3+0x23c>
80000c28:	00d61ab3          	sll	s5,a2,a3
80000c2c:	01712623          	sw	s7,12(sp)
80000c30:	010ad913          	srli	s2,s5,0x10
80000c34:	0097dbb3          	srl	s7,a5,s1
80000c38:	00090593          	mv	a1,s2
80000c3c:	00d797b3          	sll	a5,a5,a3
80000c40:	0099d4b3          	srl	s1,s3,s1
80000c44:	000b8513          	mv	a0,s7
80000c48:	00f4e4b3          	or	s1,s1,a5
80000c4c:	00d99433          	sll	s0,s3,a3
80000c50:	010a9a13          	slli	s4,s5,0x10
80000c54:	1c5000ef          	jal	80001618 <__hidden___udivsi3>
80000c58:	00050b13          	mv	s6,a0
80000c5c:	010a5a13          	srli	s4,s4,0x10
80000c60:	000b0593          	mv	a1,s6
80000c64:	000a0513          	mv	a0,s4
80000c68:	185000ef          	jal	800015ec <__mulsi3>
80000c6c:	00050993          	mv	s3,a0
80000c70:	00090593          	mv	a1,s2
80000c74:	000b8513          	mv	a0,s7
80000c78:	1e9000ef          	jal	80001660 <__umodsi3>
80000c7c:	01051513          	slli	a0,a0,0x10
80000c80:	0104d793          	srli	a5,s1,0x10
80000c84:	00a7e7b3          	or	a5,a5,a0
80000c88:	0137fe63          	bgeu	a5,s3,80000ca4 <__udivdi3+0x3bc>
80000c8c:	00fa87b3          	add	a5,s5,a5
80000c90:	fffb0713          	addi	a4,s6,-1
80000c94:	2d57ea63          	bltu	a5,s5,80000f68 <__udivdi3+0x680>
80000c98:	2d37f863          	bgeu	a5,s3,80000f68 <__udivdi3+0x680>
80000c9c:	ffeb0b13          	addi	s6,s6,-2
80000ca0:	015787b3          	add	a5,a5,s5
80000ca4:	413789b3          	sub	s3,a5,s3
80000ca8:	00098513          	mv	a0,s3
80000cac:	00090593          	mv	a1,s2
80000cb0:	169000ef          	jal	80001618 <__hidden___udivsi3>
80000cb4:	00050b93          	mv	s7,a0
80000cb8:	000b8593          	mv	a1,s7
80000cbc:	000a0513          	mv	a0,s4
80000cc0:	12d000ef          	jal	800015ec <__mulsi3>
80000cc4:	00050793          	mv	a5,a0
80000cc8:	00090593          	mv	a1,s2
80000ccc:	00098513          	mv	a0,s3
80000cd0:	01049493          	slli	s1,s1,0x10
80000cd4:	00078993          	mv	s3,a5
80000cd8:	189000ef          	jal	80001660 <__umodsi3>
80000cdc:	0104d493          	srli	s1,s1,0x10
80000ce0:	01051513          	slli	a0,a0,0x10
80000ce4:	00a4e4b3          	or	s1,s1,a0
80000ce8:	0134fe63          	bgeu	s1,s3,80000d04 <__udivdi3+0x41c>
80000cec:	009a84b3          	add	s1,s5,s1
80000cf0:	fffb8793          	addi	a5,s7,-1
80000cf4:	2754e263          	bltu	s1,s5,80000f58 <__udivdi3+0x670>
80000cf8:	2734f063          	bgeu	s1,s3,80000f58 <__udivdi3+0x670>
80000cfc:	ffeb8b93          	addi	s7,s7,-2
80000d00:	015484b3          	add	s1,s1,s5
80000d04:	010b1b13          	slli	s6,s6,0x10
80000d08:	017b6b33          	or	s6,s6,s7
80000d0c:	413484b3          	sub	s1,s1,s3
80000d10:	00c12b83          	lw	s7,12(sp)
80000d14:	e25ff06f          	j	80000b38 <__udivdi3+0x250>
80000d18:	1006b593          	sltiu	a1,a3,256
80000d1c:	0015b593          	seqz	a1,a1
80000d20:	00359593          	slli	a1,a1,0x3
80000d24:	00b6d533          	srl	a0,a3,a1
80000d28:	00001717          	auipc	a4,0x1
80000d2c:	b2070713          	addi	a4,a4,-1248 # 80001848 <__clz_tab>
80000d30:	00a70733          	add	a4,a4,a0
80000d34:	00074703          	lbu	a4,0(a4)
80000d38:	02000513          	li	a0,32
80000d3c:	00b70733          	add	a4,a4,a1
80000d40:	40e50bb3          	sub	s7,a0,a4
80000d44:	d8e506e3          	beq	a0,a4,80000ad0 <__udivdi3+0x1e8>
80000d48:	017696b3          	sll	a3,a3,s7
80000d4c:	01912223          	sw	s9,4(sp)
80000d50:	00e65cb3          	srl	s9,a2,a4
80000d54:	00dcecb3          	or	s9,s9,a3
80000d58:	01512a23          	sw	s5,20(sp)
80000d5c:	01812423          	sw	s8,8(sp)
80000d60:	010cda93          	srli	s5,s9,0x10
80000d64:	00e7dc33          	srl	s8,a5,a4
80000d68:	000a8593          	mv	a1,s5
80000d6c:	017797b3          	sll	a5,a5,s7
80000d70:	00e9d733          	srl	a4,s3,a4
80000d74:	000c0513          	mv	a0,s8
80000d78:	02812423          	sw	s0,40(sp)
80000d7c:	02912223          	sw	s1,36(sp)
80000d80:	03212023          	sw	s2,32(sp)
80000d84:	00f764b3          	or	s1,a4,a5
80000d88:	01761933          	sll	s2,a2,s7
80000d8c:	01412c23          	sw	s4,24(sp)
80000d90:	010c9b13          	slli	s6,s9,0x10
80000d94:	085000ef          	jal	80001618 <__hidden___udivsi3>
80000d98:	00050413          	mv	s0,a0
80000d9c:	010b5b13          	srli	s6,s6,0x10
80000da0:	00040593          	mv	a1,s0
80000da4:	000b0513          	mv	a0,s6
80000da8:	045000ef          	jal	800015ec <__mulsi3>
80000dac:	00050a13          	mv	s4,a0
80000db0:	000a8593          	mv	a1,s5
80000db4:	000c0513          	mv	a0,s8
80000db8:	0a9000ef          	jal	80001660 <__umodsi3>
80000dbc:	01051513          	slli	a0,a0,0x10
80000dc0:	0104d793          	srli	a5,s1,0x10
80000dc4:	00a7e7b3          	or	a5,a5,a0
80000dc8:	0147fe63          	bgeu	a5,s4,80000de4 <__udivdi3+0x4fc>
80000dcc:	00fc87b3          	add	a5,s9,a5
80000dd0:	fff40713          	addi	a4,s0,-1
80000dd4:	1997ee63          	bltu	a5,s9,80000f70 <__udivdi3+0x688>
80000dd8:	1947fc63          	bgeu	a5,s4,80000f70 <__udivdi3+0x688>
80000ddc:	ffe40413          	addi	s0,s0,-2
80000de0:	019787b3          	add	a5,a5,s9
80000de4:	41478a33          	sub	s4,a5,s4
80000de8:	000a0513          	mv	a0,s4
80000dec:	000a8593          	mv	a1,s5
80000df0:	029000ef          	jal	80001618 <__hidden___udivsi3>
80000df4:	00050c13          	mv	s8,a0
80000df8:	000c0593          	mv	a1,s8
80000dfc:	000b0513          	mv	a0,s6
80000e00:	7ec000ef          	jal	800015ec <__mulsi3>
80000e04:	00050793          	mv	a5,a0
80000e08:	000a8593          	mv	a1,s5
80000e0c:	000a0513          	mv	a0,s4
80000e10:	00078a13          	mv	s4,a5
80000e14:	04d000ef          	jal	80001660 <__umodsi3>
80000e18:	01049713          	slli	a4,s1,0x10
80000e1c:	01075713          	srli	a4,a4,0x10
80000e20:	01051513          	slli	a0,a0,0x10
80000e24:	00a76733          	or	a4,a4,a0
80000e28:	01477e63          	bgeu	a4,s4,80000e44 <__udivdi3+0x55c>
80000e2c:	00ec8733          	add	a4,s9,a4
80000e30:	fffc0793          	addi	a5,s8,-1
80000e34:	13976663          	bltu	a4,s9,80000f60 <__udivdi3+0x678>
80000e38:	13477463          	bgeu	a4,s4,80000f60 <__udivdi3+0x678>
80000e3c:	ffec0c13          	addi	s8,s8,-2
80000e40:	01970733          	add	a4,a4,s9
80000e44:	010c1793          	slli	a5,s8,0x10
80000e48:	01091813          	slli	a6,s2,0x10
80000e4c:	01041413          	slli	s0,s0,0x10
80000e50:	0107d793          	srli	a5,a5,0x10
80000e54:	01085813          	srli	a6,a6,0x10
80000e58:	01846433          	or	s0,s0,s8
80000e5c:	41470733          	sub	a4,a4,s4
80000e60:	01045313          	srli	t1,s0,0x10
80000e64:	00078513          	mv	a0,a5
80000e68:	01095913          	srli	s2,s2,0x10
80000e6c:	00080593          	mv	a1,a6
80000e70:	77c000ef          	jal	800015ec <__mulsi3>
80000e74:	00050893          	mv	a7,a0
80000e78:	00090593          	mv	a1,s2
80000e7c:	00078513          	mv	a0,a5
80000e80:	76c000ef          	jal	800015ec <__mulsi3>
80000e84:	00050793          	mv	a5,a0
80000e88:	00080593          	mv	a1,a6
80000e8c:	00030513          	mv	a0,t1
80000e90:	75c000ef          	jal	800015ec <__mulsi3>
80000e94:	00050813          	mv	a6,a0
80000e98:	00090593          	mv	a1,s2
80000e9c:	00030513          	mv	a0,t1
80000ea0:	74c000ef          	jal	800015ec <__mulsi3>
80000ea4:	010787b3          	add	a5,a5,a6
80000ea8:	0108d693          	srli	a3,a7,0x10
80000eac:	00f687b3          	add	a5,a3,a5
80000eb0:	0107f663          	bgeu	a5,a6,80000ebc <__udivdi3+0x5d4>
80000eb4:	000106b7          	lui	a3,0x10
80000eb8:	00d50533          	add	a0,a0,a3
80000ebc:	0107d693          	srli	a3,a5,0x10
80000ec0:	00a686b3          	add	a3,a3,a0
80000ec4:	06d76463          	bltu	a4,a3,80000f2c <__udivdi3+0x644>
80000ec8:	04d70663          	beq	a4,a3,80000f14 <__udivdi3+0x62c>
80000ecc:	00040513          	mv	a0,s0
80000ed0:	02812403          	lw	s0,40(sp)
80000ed4:	02c12083          	lw	ra,44(sp)
80000ed8:	00000b13          	li	s6,0
80000edc:	02412483          	lw	s1,36(sp)
80000ee0:	02012903          	lw	s2,32(sp)
80000ee4:	01812a03          	lw	s4,24(sp)
80000ee8:	01412a83          	lw	s5,20(sp)
80000eec:	00c12b83          	lw	s7,12(sp)
80000ef0:	00812c03          	lw	s8,8(sp)
80000ef4:	00412c83          	lw	s9,4(sp)
80000ef8:	01c12983          	lw	s3,28(sp)
80000efc:	000b0593          	mv	a1,s6
80000f00:	01012b03          	lw	s6,16(sp)
80000f04:	03010113          	addi	sp,sp,48
80000f08:	00008067          	ret
80000f0c:	00078993          	mv	s3,a5
80000f10:	b25ff06f          	j	80000a34 <__udivdi3+0x14c>
80000f14:	01089893          	slli	a7,a7,0x10
80000f18:	0108d893          	srli	a7,a7,0x10
80000f1c:	01079793          	slli	a5,a5,0x10
80000f20:	01799533          	sll	a0,s3,s7
80000f24:	011787b3          	add	a5,a5,a7
80000f28:	faf572e3          	bgeu	a0,a5,80000ecc <__udivdi3+0x5e4>
80000f2c:	fff40513          	addi	a0,s0,-1
80000f30:	fa1ff06f          	j	80000ed0 <__udivdi3+0x5e8>
80000f34:	01000737          	lui	a4,0x1000
80000f38:	04e67c63          	bgeu	a2,a4,80000f90 <__udivdi3+0x6a8>
80000f3c:	01065593          	srli	a1,a2,0x10
80000f40:	01000693          	li	a3,16
80000f44:	bc1ff06f          	j	80000b04 <__udivdi3+0x21c>
80000f48:	00c12b83          	lw	s7,12(sp)
80000f4c:	00000b13          	li	s6,0
80000f50:	00100513          	li	a0,1
80000f54:	b25ff06f          	j	80000a78 <__udivdi3+0x190>
80000f58:	00078b93          	mv	s7,a5
80000f5c:	da9ff06f          	j	80000d04 <__udivdi3+0x41c>
80000f60:	00078c13          	mv	s8,a5
80000f64:	ee1ff06f          	j	80000e44 <__udivdi3+0x55c>
80000f68:	00070b13          	mv	s6,a4
80000f6c:	d39ff06f          	j	80000ca4 <__udivdi3+0x3bc>
80000f70:	00070413          	mv	s0,a4
80000f74:	e71ff06f          	j	80000de4 <__udivdi3+0x4fc>
80000f78:	ffe98993          	addi	s3,s3,-2
80000f7c:	015787b3          	add	a5,a5,s5
80000f80:	c09ff06f          	j	80000b88 <__udivdi3+0x2a0>
80000f84:	ffe90913          	addi	s2,s2,-2
80000f88:	015787b3          	add	a5,a5,s5
80000f8c:	a4dff06f          	j	800009d8 <__udivdi3+0xf0>
80000f90:	01865593          	srli	a1,a2,0x18
80000f94:	01800693          	li	a3,24
80000f98:	b6dff06f          	j	80000b04 <__udivdi3+0x21c>

80000f9c <__umoddi3>:
__umoddi3():
80000f9c:	fd010113          	addi	sp,sp,-48
80000fa0:	02112623          	sw	ra,44(sp)
80000fa4:	00050793          	mv	a5,a0
80000fa8:	00058713          	mv	a4,a1
80000fac:	14069663          	bnez	a3,800010f8 <__umoddi3+0x15c>
80000fb0:	03212023          	sw	s2,32(sp)
80000fb4:	01412c23          	sw	s4,24(sp)
80000fb8:	02812423          	sw	s0,40(sp)
80000fbc:	02912223          	sw	s1,36(sp)
80000fc0:	01312e23          	sw	s3,28(sp)
80000fc4:	01512a23          	sw	s5,20(sp)
80000fc8:	00060a13          	mv	s4,a2
80000fcc:	00050913          	mv	s2,a0
80000fd0:	1ac5f263          	bgeu	a1,a2,80001174 <__umoddi3+0x1d8>
80000fd4:	01612823          	sw	s6,16(sp)
80000fd8:	000106b7          	lui	a3,0x10
80000fdc:	00058993          	mv	s3,a1
80000fe0:	26d66c63          	bltu	a2,a3,80001258 <__umoddi3+0x2bc>
80000fe4:	010006b7          	lui	a3,0x1000
80000fe8:	01800593          	li	a1,24
80000fec:	00d67463          	bgeu	a2,a3,80000ff4 <__umoddi3+0x58>
80000ff0:	01000593          	li	a1,16
80000ff4:	00b65533          	srl	a0,a2,a1
80000ff8:	00001697          	auipc	a3,0x1
80000ffc:	85068693          	addi	a3,a3,-1968 # 80001848 <__clz_tab>
80001000:	00a686b3          	add	a3,a3,a0
80001004:	0006c683          	lbu	a3,0(a3)
80001008:	02000513          	li	a0,32
8000100c:	00b686b3          	add	a3,a3,a1
80001010:	40d504b3          	sub	s1,a0,a3
80001014:	00d50c63          	beq	a0,a3,8000102c <__umoddi3+0x90>
80001018:	009719b3          	sll	s3,a4,s1
8000101c:	00d7d6b3          	srl	a3,a5,a3
80001020:	0136e9b3          	or	s3,a3,s3
80001024:	00961a33          	sll	s4,a2,s1
80001028:	00979933          	sll	s2,a5,s1
8000102c:	010a5a93          	srli	s5,s4,0x10
80001030:	000a8593          	mv	a1,s5
80001034:	00098513          	mv	a0,s3
80001038:	010a1b13          	slli	s6,s4,0x10
8000103c:	5dc000ef          	jal	80001618 <__hidden___udivsi3>
80001040:	010b5b13          	srli	s6,s6,0x10
80001044:	000b0593          	mv	a1,s6
80001048:	5a4000ef          	jal	800015ec <__mulsi3>
8000104c:	00050413          	mv	s0,a0
80001050:	000a8593          	mv	a1,s5
80001054:	00098513          	mv	a0,s3
80001058:	608000ef          	jal	80001660 <__umodsi3>
8000105c:	01051513          	slli	a0,a0,0x10
80001060:	01095793          	srli	a5,s2,0x10
80001064:	00a7e7b3          	or	a5,a5,a0
80001068:	0087f863          	bgeu	a5,s0,80001078 <__umoddi3+0xdc>
8000106c:	00fa07b3          	add	a5,s4,a5
80001070:	0147e463          	bltu	a5,s4,80001078 <__umoddi3+0xdc>
80001074:	5687e263          	bltu	a5,s0,800015d8 <__umoddi3+0x63c>
80001078:	40878433          	sub	s0,a5,s0
8000107c:	00040513          	mv	a0,s0
80001080:	000a8593          	mv	a1,s5
80001084:	594000ef          	jal	80001618 <__hidden___udivsi3>
80001088:	000b0593          	mv	a1,s6
8000108c:	560000ef          	jal	800015ec <__mulsi3>
80001090:	00050793          	mv	a5,a0
80001094:	000a8593          	mv	a1,s5
80001098:	00040513          	mv	a0,s0
8000109c:	00078413          	mv	s0,a5
800010a0:	5c0000ef          	jal	80001660 <__umodsi3>
800010a4:	01091793          	slli	a5,s2,0x10
800010a8:	0107d793          	srli	a5,a5,0x10
800010ac:	01051513          	slli	a0,a0,0x10
800010b0:	00a7e7b3          	or	a5,a5,a0
800010b4:	0087f863          	bgeu	a5,s0,800010c4 <__umoddi3+0x128>
800010b8:	00fa07b3          	add	a5,s4,a5
800010bc:	0147e463          	bltu	a5,s4,800010c4 <__umoddi3+0x128>
800010c0:	5087e463          	bltu	a5,s0,800015c8 <__umoddi3+0x62c>
800010c4:	01012b03          	lw	s6,16(sp)
800010c8:	408787b3          	sub	a5,a5,s0
800010cc:	0097d533          	srl	a0,a5,s1
800010d0:	02812403          	lw	s0,40(sp)
800010d4:	02412483          	lw	s1,36(sp)
800010d8:	02012903          	lw	s2,32(sp)
800010dc:	01c12983          	lw	s3,28(sp)
800010e0:	01812a03          	lw	s4,24(sp)
800010e4:	01412a83          	lw	s5,20(sp)
800010e8:	00000593          	li	a1,0
800010ec:	02c12083          	lw	ra,44(sp)
800010f0:	03010113          	addi	sp,sp,48
800010f4:	00008067          	ret
800010f8:	00050893          	mv	a7,a0
800010fc:	fed5e8e3          	bltu	a1,a3,800010ec <__umoddi3+0x150>
80001100:	03212023          	sw	s2,32(sp)
80001104:	01312e23          	sw	s3,28(sp)
80001108:	00010537          	lui	a0,0x10
8000110c:	24a6ea63          	bltu	a3,a0,80001360 <__umoddi3+0x3c4>
80001110:	01000837          	lui	a6,0x1000
80001114:	01800513          	li	a0,24
80001118:	0106f463          	bgeu	a3,a6,80001120 <__umoddi3+0x184>
8000111c:	01000513          	li	a0,16
80001120:	00000817          	auipc	a6,0x0
80001124:	72880813          	addi	a6,a6,1832 # 80001848 <__clz_tab>
80001128:	00a6d333          	srl	t1,a3,a0
8000112c:	00680833          	add	a6,a6,t1
80001130:	00084983          	lbu	s3,0(a6)
80001134:	02000813          	li	a6,32
80001138:	00a989b3          	add	s3,s3,a0
8000113c:	41380933          	sub	s2,a6,s3
80001140:	25381863          	bne	a6,s3,80001390 <__umoddi3+0x3f4>
80001144:	00e6e463          	bltu	a3,a4,8000114c <__umoddi3+0x1b0>
80001148:	00c7ea63          	bltu	a5,a2,8000115c <__umoddi3+0x1c0>
8000114c:	40c788b3          	sub	a7,a5,a2
80001150:	0117b5b3          	sltu	a1,a5,a7
80001154:	40d706b3          	sub	a3,a4,a3
80001158:	40b685b3          	sub	a1,a3,a1
8000115c:	02c12083          	lw	ra,44(sp)
80001160:	02012903          	lw	s2,32(sp)
80001164:	01c12983          	lw	s3,28(sp)
80001168:	00088513          	mv	a0,a7
8000116c:	03010113          	addi	sp,sp,48
80001170:	00008067          	ret
80001174:	0e060a63          	beqz	a2,80001268 <__umoddi3+0x2cc>
80001178:	000106b7          	lui	a3,0x10
8000117c:	42d67463          	bgeu	a2,a3,800015a4 <__umoddi3+0x608>
80001180:	10063593          	sltiu	a1,a2,256
80001184:	0015b593          	seqz	a1,a1
80001188:	00359593          	slli	a1,a1,0x3
8000118c:	00b65533          	srl	a0,a2,a1
80001190:	00000697          	auipc	a3,0x0
80001194:	6b868693          	addi	a3,a3,1720 # 80001848 <__clz_tab>
80001198:	00a686b3          	add	a3,a3,a0
8000119c:	0006c983          	lbu	s3,0(a3)
800011a0:	02000693          	li	a3,32
800011a4:	00b989b3          	add	s3,s3,a1
800011a8:	413684b3          	sub	s1,a3,s3
800011ac:	0f369263          	bne	a3,s3,80001290 <__umoddi3+0x2f4>
800011b0:	01061413          	slli	s0,a2,0x10
800011b4:	40c709b3          	sub	s3,a4,a2
800011b8:	01065a93          	srli	s5,a2,0x10
800011bc:	01045413          	srli	s0,s0,0x10
800011c0:	000a8593          	mv	a1,s5
800011c4:	00098513          	mv	a0,s3
800011c8:	450000ef          	jal	80001618 <__hidden___udivsi3>
800011cc:	00040593          	mv	a1,s0
800011d0:	41c000ef          	jal	800015ec <__mulsi3>
800011d4:	00050793          	mv	a5,a0
800011d8:	000a8593          	mv	a1,s5
800011dc:	00098513          	mv	a0,s3
800011e0:	00078993          	mv	s3,a5
800011e4:	47c000ef          	jal	80001660 <__umodsi3>
800011e8:	01051513          	slli	a0,a0,0x10
800011ec:	01095793          	srli	a5,s2,0x10
800011f0:	00a7e7b3          	or	a5,a5,a0
800011f4:	0137f863          	bgeu	a5,s3,80001204 <__umoddi3+0x268>
800011f8:	00fa07b3          	add	a5,s4,a5
800011fc:	0147e463          	bltu	a5,s4,80001204 <__umoddi3+0x268>
80001200:	3d37e863          	bltu	a5,s3,800015d0 <__umoddi3+0x634>
80001204:	413789b3          	sub	s3,a5,s3
80001208:	000a8593          	mv	a1,s5
8000120c:	00098513          	mv	a0,s3
80001210:	408000ef          	jal	80001618 <__hidden___udivsi3>
80001214:	00040593          	mv	a1,s0
80001218:	3d4000ef          	jal	800015ec <__mulsi3>
8000121c:	00050413          	mv	s0,a0
80001220:	000a8593          	mv	a1,s5
80001224:	00098513          	mv	a0,s3
80001228:	438000ef          	jal	80001660 <__umodsi3>
8000122c:	01091913          	slli	s2,s2,0x10
80001230:	01095913          	srli	s2,s2,0x10
80001234:	01051793          	slli	a5,a0,0x10
80001238:	00f967b3          	or	a5,s2,a5
8000123c:	0087fa63          	bgeu	a5,s0,80001250 <__umoddi3+0x2b4>
80001240:	00fa07b3          	add	a5,s4,a5
80001244:	0147e663          	bltu	a5,s4,80001250 <__umoddi3+0x2b4>
80001248:	0087f463          	bgeu	a5,s0,80001250 <__umoddi3+0x2b4>
8000124c:	014787b3          	add	a5,a5,s4
80001250:	408787b3          	sub	a5,a5,s0
80001254:	e79ff06f          	j	800010cc <__umoddi3+0x130>
80001258:	10063593          	sltiu	a1,a2,256
8000125c:	0015b593          	seqz	a1,a1
80001260:	00359593          	slli	a1,a1,0x3
80001264:	d91ff06f          	j	80000ff4 <__umoddi3+0x58>
80001268:	00000513          	li	a0,0
8000126c:	00000697          	auipc	a3,0x0
80001270:	5dc68693          	addi	a3,a3,1500 # 80001848 <__clz_tab>
80001274:	00a686b3          	add	a3,a3,a0
80001278:	0006c983          	lbu	s3,0(a3)
8000127c:	00000593          	li	a1,0
80001280:	02000693          	li	a3,32
80001284:	00b989b3          	add	s3,s3,a1
80001288:	413684b3          	sub	s1,a3,s3
8000128c:	f33682e3          	beq	a3,s3,800011b0 <__umoddi3+0x214>
80001290:	00961a33          	sll	s4,a2,s1
80001294:	01712623          	sw	s7,12(sp)
80001298:	010a5a93          	srli	s5,s4,0x10
8000129c:	01375bb3          	srl	s7,a4,s3
800012a0:	000a8593          	mv	a1,s5
800012a4:	0137d9b3          	srl	s3,a5,s3
800012a8:	00971733          	sll	a4,a4,s1
800012ac:	000b8513          	mv	a0,s7
800012b0:	010a1413          	slli	s0,s4,0x10
800012b4:	00e9e9b3          	or	s3,s3,a4
800012b8:	00979933          	sll	s2,a5,s1
800012bc:	01612823          	sw	s6,16(sp)
800012c0:	01045413          	srli	s0,s0,0x10
800012c4:	354000ef          	jal	80001618 <__hidden___udivsi3>
800012c8:	00040593          	mv	a1,s0
800012cc:	320000ef          	jal	800015ec <__mulsi3>
800012d0:	00050b13          	mv	s6,a0
800012d4:	000a8593          	mv	a1,s5
800012d8:	000b8513          	mv	a0,s7
800012dc:	384000ef          	jal	80001660 <__umodsi3>
800012e0:	01051513          	slli	a0,a0,0x10
800012e4:	0109d793          	srli	a5,s3,0x10
800012e8:	00a7e7b3          	or	a5,a5,a0
800012ec:	0167fa63          	bgeu	a5,s6,80001300 <__umoddi3+0x364>
800012f0:	00fa07b3          	add	a5,s4,a5
800012f4:	0147e663          	bltu	a5,s4,80001300 <__umoddi3+0x364>
800012f8:	0167f463          	bgeu	a5,s6,80001300 <__umoddi3+0x364>
800012fc:	014787b3          	add	a5,a5,s4
80001300:	41678b33          	sub	s6,a5,s6
80001304:	000b0513          	mv	a0,s6
80001308:	000a8593          	mv	a1,s5
8000130c:	30c000ef          	jal	80001618 <__hidden___udivsi3>
80001310:	00040593          	mv	a1,s0
80001314:	2d8000ef          	jal	800015ec <__mulsi3>
80001318:	00050793          	mv	a5,a0
8000131c:	000a8593          	mv	a1,s5
80001320:	000b0513          	mv	a0,s6
80001324:	01099993          	slli	s3,s3,0x10
80001328:	00078b13          	mv	s6,a5
8000132c:	334000ef          	jal	80001660 <__umodsi3>
80001330:	0109d993          	srli	s3,s3,0x10
80001334:	01051513          	slli	a0,a0,0x10
80001338:	00a9e9b3          	or	s3,s3,a0
8000133c:	0169fa63          	bgeu	s3,s6,80001350 <__umoddi3+0x3b4>
80001340:	013a09b3          	add	s3,s4,s3
80001344:	0149e663          	bltu	s3,s4,80001350 <__umoddi3+0x3b4>
80001348:	0169f463          	bgeu	s3,s6,80001350 <__umoddi3+0x3b4>
8000134c:	014989b3          	add	s3,s3,s4
80001350:	416989b3          	sub	s3,s3,s6
80001354:	00c12b83          	lw	s7,12(sp)
80001358:	01012b03          	lw	s6,16(sp)
8000135c:	e65ff06f          	j	800011c0 <__umoddi3+0x224>
80001360:	1006b513          	sltiu	a0,a3,256
80001364:	00153513          	seqz	a0,a0
80001368:	00351513          	slli	a0,a0,0x3
8000136c:	00000817          	auipc	a6,0x0
80001370:	4dc80813          	addi	a6,a6,1244 # 80001848 <__clz_tab>
80001374:	00a6d333          	srl	t1,a3,a0
80001378:	00680833          	add	a6,a6,t1
8000137c:	00084983          	lbu	s3,0(a6)
80001380:	02000813          	li	a6,32
80001384:	00a989b3          	add	s3,s3,a0
80001388:	41380933          	sub	s2,a6,s3
8000138c:	db380ce3          	beq	a6,s3,80001144 <__umoddi3+0x1a8>
80001390:	01612823          	sw	s6,16(sp)
80001394:	012696b3          	sll	a3,a3,s2
80001398:	01365b33          	srl	s6,a2,s3
8000139c:	00db6b33          	or	s6,s6,a3
800013a0:	01712623          	sw	s7,12(sp)
800013a4:	01a12023          	sw	s10,0(sp)
800013a8:	010b5b93          	srli	s7,s6,0x10
800013ac:	01375d33          	srl	s10,a4,s3
800013b0:	0137d6b3          	srl	a3,a5,s3
800013b4:	01271733          	sll	a4,a4,s2
800013b8:	000b8593          	mv	a1,s7
800013bc:	000d0513          	mv	a0,s10
800013c0:	02812423          	sw	s0,40(sp)
800013c4:	02912223          	sw	s1,36(sp)
800013c8:	01261433          	sll	s0,a2,s2
800013cc:	012794b3          	sll	s1,a5,s2
800013d0:	01412c23          	sw	s4,24(sp)
800013d4:	01512a23          	sw	s5,20(sp)
800013d8:	00e6ea33          	or	s4,a3,a4
800013dc:	01812423          	sw	s8,8(sp)
800013e0:	01912223          	sw	s9,4(sp)
800013e4:	010b1c13          	slli	s8,s6,0x10
800013e8:	230000ef          	jal	80001618 <__hidden___udivsi3>
800013ec:	00050a93          	mv	s5,a0
800013f0:	010c5c13          	srli	s8,s8,0x10
800013f4:	000a8593          	mv	a1,s5
800013f8:	000c0513          	mv	a0,s8
800013fc:	1f0000ef          	jal	800015ec <__mulsi3>
80001400:	00050c93          	mv	s9,a0
80001404:	000b8593          	mv	a1,s7
80001408:	000d0513          	mv	a0,s10
8000140c:	254000ef          	jal	80001660 <__umodsi3>
80001410:	01051513          	slli	a0,a0,0x10
80001414:	010a5793          	srli	a5,s4,0x10
80001418:	00a7e7b3          	or	a5,a5,a0
8000141c:	0197fe63          	bgeu	a5,s9,80001438 <__umoddi3+0x49c>
80001420:	00fb07b3          	add	a5,s6,a5
80001424:	fffa8713          	addi	a4,s5,-1
80001428:	1967ec63          	bltu	a5,s6,800015c0 <__umoddi3+0x624>
8000142c:	1997fa63          	bgeu	a5,s9,800015c0 <__umoddi3+0x624>
80001430:	ffea8a93          	addi	s5,s5,-2
80001434:	016787b3          	add	a5,a5,s6
80001438:	41978cb3          	sub	s9,a5,s9
8000143c:	000b8593          	mv	a1,s7
80001440:	000c8513          	mv	a0,s9
80001444:	1d4000ef          	jal	80001618 <__hidden___udivsi3>
80001448:	00050d13          	mv	s10,a0
8000144c:	000d0593          	mv	a1,s10
80001450:	000c0513          	mv	a0,s8
80001454:	198000ef          	jal	800015ec <__mulsi3>
80001458:	00050793          	mv	a5,a0
8000145c:	000b8593          	mv	a1,s7
80001460:	000c8513          	mv	a0,s9
80001464:	00078b93          	mv	s7,a5
80001468:	1f8000ef          	jal	80001660 <__umodsi3>
8000146c:	010a1713          	slli	a4,s4,0x10
80001470:	01075713          	srli	a4,a4,0x10
80001474:	01051513          	slli	a0,a0,0x10
80001478:	00a766b3          	or	a3,a4,a0
8000147c:	0176fe63          	bgeu	a3,s7,80001498 <__umoddi3+0x4fc>
80001480:	00db06b3          	add	a3,s6,a3
80001484:	fffd0793          	addi	a5,s10,-1
80001488:	1366e863          	bltu	a3,s6,800015b8 <__umoddi3+0x61c>
8000148c:	1376f663          	bgeu	a3,s7,800015b8 <__umoddi3+0x61c>
80001490:	ffed0d13          	addi	s10,s10,-2
80001494:	016686b3          	add	a3,a3,s6
80001498:	010d1893          	slli	a7,s10,0x10
8000149c:	01041313          	slli	t1,s0,0x10
800014a0:	010a9793          	slli	a5,s5,0x10
800014a4:	0108d893          	srli	a7,a7,0x10
800014a8:	01035313          	srli	t1,t1,0x10
800014ac:	01a7e7b3          	or	a5,a5,s10
800014b0:	0107d793          	srli	a5,a5,0x10
800014b4:	41768733          	sub	a4,a3,s7
800014b8:	00088513          	mv	a0,a7
800014bc:	00030593          	mv	a1,t1
800014c0:	01045e13          	srli	t3,s0,0x10
800014c4:	128000ef          	jal	800015ec <__mulsi3>
800014c8:	00050813          	mv	a6,a0
800014cc:	000e0593          	mv	a1,t3
800014d0:	00088513          	mv	a0,a7
800014d4:	118000ef          	jal	800015ec <__mulsi3>
800014d8:	00050893          	mv	a7,a0
800014dc:	00030593          	mv	a1,t1
800014e0:	00078513          	mv	a0,a5
800014e4:	108000ef          	jal	800015ec <__mulsi3>
800014e8:	00050313          	mv	t1,a0
800014ec:	000e0593          	mv	a1,t3
800014f0:	00078513          	mv	a0,a5
800014f4:	0f8000ef          	jal	800015ec <__mulsi3>
800014f8:	006888b3          	add	a7,a7,t1
800014fc:	01085793          	srli	a5,a6,0x10
80001500:	011787b3          	add	a5,a5,a7
80001504:	0067f663          	bgeu	a5,t1,80001510 <__umoddi3+0x574>
80001508:	000106b7          	lui	a3,0x10
8000150c:	00d50533          	add	a0,a0,a3
80001510:	0107d693          	srli	a3,a5,0x10
80001514:	01081813          	slli	a6,a6,0x10
80001518:	01085813          	srli	a6,a6,0x10
8000151c:	01079793          	slli	a5,a5,0x10
80001520:	00a686b3          	add	a3,a3,a0
80001524:	010787b3          	add	a5,a5,a6
80001528:	06d76263          	bltu	a4,a3,8000158c <__umoddi3+0x5f0>
8000152c:	04d70e63          	beq	a4,a3,80001588 <__umoddi3+0x5ec>
80001530:	40f487b3          	sub	a5,s1,a5
80001534:	00f4b4b3          	sltu	s1,s1,a5
80001538:	02812403          	lw	s0,40(sp)
8000153c:	02c12083          	lw	ra,44(sp)
80001540:	40d705b3          	sub	a1,a4,a3
80001544:	409585b3          	sub	a1,a1,s1
80001548:	01359733          	sll	a4,a1,s3
8000154c:	0127d7b3          	srl	a5,a5,s2
80001550:	02412483          	lw	s1,36(sp)
80001554:	01c12983          	lw	s3,28(sp)
80001558:	01812a03          	lw	s4,24(sp)
8000155c:	01412a83          	lw	s5,20(sp)
80001560:	01012b03          	lw	s6,16(sp)
80001564:	00c12b83          	lw	s7,12(sp)
80001568:	00812c03          	lw	s8,8(sp)
8000156c:	00412c83          	lw	s9,4(sp)
80001570:	00012d03          	lw	s10,0(sp)
80001574:	0125d5b3          	srl	a1,a1,s2
80001578:	00f76533          	or	a0,a4,a5
8000157c:	02012903          	lw	s2,32(sp)
80001580:	03010113          	addi	sp,sp,48
80001584:	00008067          	ret
80001588:	faf4f4e3          	bgeu	s1,a5,80001530 <__umoddi3+0x594>
8000158c:	40878433          	sub	s0,a5,s0
80001590:	0087b7b3          	sltu	a5,a5,s0
80001594:	016787b3          	add	a5,a5,s6
80001598:	40f686b3          	sub	a3,a3,a5
8000159c:	00040793          	mv	a5,s0
800015a0:	f91ff06f          	j	80001530 <__umoddi3+0x594>
800015a4:	010006b7          	lui	a3,0x1000
800015a8:	02d67c63          	bgeu	a2,a3,800015e0 <__umoddi3+0x644>
800015ac:	01065513          	srli	a0,a2,0x10
800015b0:	01000593          	li	a1,16
800015b4:	bddff06f          	j	80001190 <__umoddi3+0x1f4>
800015b8:	00078d13          	mv	s10,a5
800015bc:	eddff06f          	j	80001498 <__umoddi3+0x4fc>
800015c0:	00070a93          	mv	s5,a4
800015c4:	e75ff06f          	j	80001438 <__umoddi3+0x49c>
800015c8:	014787b3          	add	a5,a5,s4
800015cc:	af9ff06f          	j	800010c4 <__umoddi3+0x128>
800015d0:	014787b3          	add	a5,a5,s4
800015d4:	c31ff06f          	j	80001204 <__umoddi3+0x268>
800015d8:	014787b3          	add	a5,a5,s4
800015dc:	a9dff06f          	j	80001078 <__umoddi3+0xdc>
800015e0:	01865513          	srli	a0,a2,0x18
800015e4:	01800593          	li	a1,24
800015e8:	ba9ff06f          	j	80001190 <__umoddi3+0x1f4>

800015ec <__mulsi3>:
__mulsi3():
800015ec:	00050613          	mv	a2,a0
800015f0:	00000513          	li	a0,0
800015f4:	0015f693          	andi	a3,a1,1
800015f8:	00068463          	beqz	a3,80001600 <__mulsi3+0x14>
800015fc:	00c50533          	add	a0,a0,a2
80001600:	0015d593          	srli	a1,a1,0x1
80001604:	00161613          	slli	a2,a2,0x1
80001608:	fe0596e3          	bnez	a1,800015f4 <__mulsi3+0x8>
8000160c:	00008067          	ret

80001610 <__divsi3>:
__divsi3():
80001610:	06054063          	bltz	a0,80001670 <__umodsi3+0x10>
80001614:	0605c663          	bltz	a1,80001680 <__umodsi3+0x20>

80001618 <__hidden___udivsi3>:
80001618:	00058613          	mv	a2,a1
8000161c:	00050593          	mv	a1,a0
80001620:	fff00513          	li	a0,-1
80001624:	02060c63          	beqz	a2,8000165c <__hidden___udivsi3+0x44>
80001628:	00100693          	li	a3,1
8000162c:	00b67a63          	bgeu	a2,a1,80001640 <__hidden___udivsi3+0x28>
80001630:	00c05863          	blez	a2,80001640 <__hidden___udivsi3+0x28>
80001634:	00161613          	slli	a2,a2,0x1
80001638:	00169693          	slli	a3,a3,0x1
8000163c:	feb66ae3          	bltu	a2,a1,80001630 <__hidden___udivsi3+0x18>
80001640:	00000513          	li	a0,0
80001644:	00c5e663          	bltu	a1,a2,80001650 <__hidden___udivsi3+0x38>
80001648:	40c585b3          	sub	a1,a1,a2
8000164c:	00d56533          	or	a0,a0,a3
80001650:	0016d693          	srli	a3,a3,0x1
80001654:	00165613          	srli	a2,a2,0x1
80001658:	fe0696e3          	bnez	a3,80001644 <__hidden___udivsi3+0x2c>
8000165c:	00008067          	ret

80001660 <__umodsi3>:
80001660:	00008293          	mv	t0,ra
80001664:	fb5ff0ef          	jal	80001618 <__hidden___udivsi3>
80001668:	00058513          	mv	a0,a1
8000166c:	00028067          	jr	t0
80001670:	40a00533          	neg	a0,a0
80001674:	00b04863          	bgtz	a1,80001684 <__umodsi3+0x24>
80001678:	40b005b3          	neg	a1,a1
8000167c:	f9dff06f          	j	80001618 <__hidden___udivsi3>
80001680:	40b005b3          	neg	a1,a1
80001684:	00008293          	mv	t0,ra
80001688:	f91ff0ef          	jal	80001618 <__hidden___udivsi3>
8000168c:	40a00533          	neg	a0,a0
80001690:	00028067          	jr	t0

80001694 <__modsi3>:
__modsi3():
80001694:	00008293          	mv	t0,ra
80001698:	0005ca63          	bltz	a1,800016ac <__modsi3+0x18>
8000169c:	00054c63          	bltz	a0,800016b4 <__modsi3+0x20>
800016a0:	f79ff0ef          	jal	80001618 <__hidden___udivsi3>
800016a4:	00058513          	mv	a0,a1
800016a8:	00028067          	jr	t0
800016ac:	40b005b3          	neg	a1,a1
800016b0:	fe0558e3          	bgez	a0,800016a0 <__modsi3+0xc>
800016b4:	40a00533          	neg	a0,a0
800016b8:	f61ff0ef          	jal	80001618 <__hidden___udivsi3>
800016bc:	40b00533          	neg	a0,a1
800016c0:	00028067          	jr	t0
